[36mvite v7.3.1 [32mbuilding client environment for production...[36m[39m
transforming...
node.exe : 
[31mUnable to 
resolve `@import 
"tailwindcss"` from C
:/Coding/DriveNeutral
/src[39m
At line:1 char:1
+ & "C:\Program Files
\nodejs/node.exe" 
"C:\Program 
Files\nodejs/node_mo 
...
+ ~~~~~~~~~~~~~~~~~~~
~~~~~~~~~~~~~~~~~~~~~
~~~~~~~~~~~~~~~~~~~~~
~~~~~~~~
    + CategoryInfo   
           : NotSpe  
  cified: ([31mUn   
 able to ...eutra    
l/src[39m:Strin    
g) [], RemoteExc    
eption
    + FullyQualified 
   ErrorId : Native  
  CommandError
 
[32mΓ£ô[39m 1119 modules transformed.
[31mΓ£ù[39m Build 
failed in 1.72s
[31merror during 
build:
[31m[vite:css] 
[postcss] ENOENT: no 
such file or 
directory, open 'C:\C
oding\DriveNeutral\ta
ilwindcss'[31m
file: [36mC:/Coding/
DriveNeutral/src/inde
x.css:undefined:NaN[
31m
    at async open (no
de:internal/fs/promis
es:637:25)
    at async 
Object.readFile (node
:internal/fs/promises
:1269:14)
    at async 
Object.load (file:///
C:/Coding/DriveNeutra
l/node_modules/vite/d
ist/node/chunks/confi
g.js:30091:19)
    at async 
loadImportContent (fi
le:///C:/Coding/Drive
Neutral/node_modules/
vite/dist/node/chunks
/postcss-import.js:40
1:19)
    at async 
Promise.all (index 0)
    at async 
resolveImportId (file
:///C:/Coding/DriveNe
utral/node_modules/vi
te/dist/node/chunks/p
ostcss-import.js:387:
20)
    at async 
parseStyles$1 (file:/
//C:/Coding/DriveNeut
ral/node_modules/vite
/dist/node/chunks/pos
tcss-import.js:340:4)
    at async 
Object.Once (file:///
C:/Coding/DriveNeutra
l/node_modules/vite/d
ist/node/chunks/postc
ss-import.js:465:20)
    at async 
LazyResult.runAsync (
C:\Coding\DriveNeutra
l\node_modules\postcs
s\lib\lazy-result.js:
293:11)
    at async 
runPostCSS (file:///C
:/Coding/DriveNeutral
/node_modules/vite/di
st/node/chunks/config
.js:30145:19)[39m
